<?xml version="1.0" encoding="UTF-8"?>
<TestRun id="e1a4367f-2b00-4175-b967-04027ec34ad7" name="Administrator@USER-20160608LK 2017-06-22 10:35:16" runUser="USER-20160608LK\Administrator" xmlns="http://microsoft.com/schemas/VisualStudio/TeamTest/2010">
  <TestSettings name="本地" id="3d76eb7e-cc8c-4697-b55f-86215fc69bc1">
    <Description>这些设置为本地测试运行的默认测试设置。</Description>
    <Deployment enabled="false" runDeploymentRoot="Administrator_USER-20160608LK 2017-06-22 10_35_16">
      <DeploymentItem filename="E:\c#\c#基础\Form\Test\bin\Debug\Test.exe" />
    </Deployment>
    <Execution>
      <TestTypeSpecific />
      <AgentRule name="Execution Agents">
      </AgentRule>
    </Execution>
  </TestSettings>
  <Times creation="2017-06-22T10:35:16.9503133+08:00" queuing="2017-06-22T10:35:17.1939757+08:00" start="2017-06-22T10:35:17.2244927+08:00" finish="2017-06-22T10:35:18.2928512+08:00" />
  <ResultSummary outcome="Warning">
    <Counters total="6" executed="6" passed="6" error="0" failed="0" timeout="0" aborted="0" inconclusive="0" passedButRunAborted="0" notRunnable="0" notExecuted="0" disconnected="0" warning="0" completed="0" inProgress="0" pending="0" />
    <RunInfos>
      <RunInfo computerName="USER-20160608LK" outcome="Warning" timestamp="2017-06-22T10:35:16.9873379+08:00">
        <Text>当前已禁用部署。未部署测试“TestAdd.AddTest.AddNumTest”中的部署项“TestAdd\test.csv”。</Text>
      </RunInfo>
    </RunInfos>
  </ResultSummary>
  <TestDefinitions>
    <UnitTest name="AddNumTest" storage="e:\c#\c#基础\form\testadd\bin\debug\testadd.dll" id="0da5fd95-0298-6ff8-9b99-343aac0d8bc6">
      <DeploymentItems>
        <DeploymentItem filename="TestAdd\test.csv" />
      </DeploymentItems>
      <Execution id="b6f3a1b6-36b2-460f-97c5-02636c31a8b3" />
      <TestMethod codeBase="E:/c#/c#基础/Form/TestAdd/bin/Debug/TestAdd.DLL" adapterTypeName="Microsoft.VisualStudio.TestTools.TestTypes.Unit.UnitTestAdapter, Microsoft.VisualStudio.QualityTools.Tips.UnitTest.Adapter, Version=10.0.0.0, Culture=neutral, PublicKeyToken=b03f5f7f11d50a3a" className="TestAdd.AddTest, TestAdd, Version=1.0.0.0, Culture=neutral, PublicKeyToken=null" name="AddNumTest" />
      <DataSource connectionString="|DataDirectory|\test.csv" providerInvariantName="Microsoft.VisualStudio.TestTools.DataSource.CSV" tableName="test#csv" />
    </UnitTest>
  </TestDefinitions>
  <TestLists>
    <TestList name="列表中未列出的结果" id="8c84fa94-04c1-424b-9868-57a2d4851a1d" />
    <TestList name="所有已加载的结果" id="19431567-8539-422a-85d7-44ee4e166bda" />
  </TestLists>
  <TestEntries>
    <TestEntry testId="0da5fd95-0298-6ff8-9b99-343aac0d8bc6" executionId="b6f3a1b6-36b2-460f-97c5-02636c31a8b3" testListId="8c84fa94-04c1-424b-9868-57a2d4851a1d" />
  </TestEntries>
  <Results>
    <UnitTestResult executionId="b6f3a1b6-36b2-460f-97c5-02636c31a8b3" testId="0da5fd95-0298-6ff8-9b99-343aac0d8bc6" testName="AddNumTest" computerName="USER-20160608LK" duration="00:00:00.3321894" startTime="2017-06-22T10:35:17.2314104+08:00" endTime="2017-06-22T10:35:18.2275312+08:00" testType="13cdc9d9-ddb5-4fa4-a97d-d965ccfc6d4b" outcome="Passed" testListId="8c84fa94-04c1-424b-9868-57a2d4851a1d" relativeResultsDirectory="b6f3a1b6-36b2-460f-97c5-02636c31a8b3" resultType="DataDrivenTest">
      <Counters error="0" failed="0" timeout="0" aborted="0" inconclusive="0" passedButRunAborted="0" notRunnable="0" notExecuted="0" disconnected="0" warning="0" passed="5" completed="0" inProgress="0" pending="0" />
      <InnerResults>
        <UnitTestResult executionId="51e7b8ba-60c7-4305-9d3b-f61c7b959e83" parentExecutionId="b6f3a1b6-36b2-460f-97c5-02636c31a8b3" testId="0da5fd95-0298-6ff8-9b99-343aac0d8bc6" testName="AddNumTest" computerName="USER-20160608LK" duration="00:00:00.0158287" startTime="2017-06-22T10:35:18.1829712+08:00" endTime="2017-06-22T10:35:18.2034709+08:00" testType="13cdc9d9-ddb5-4fa4-a97d-d965ccfc6d4b" outcome="Passed" testListId="8c84fa94-04c1-424b-9868-57a2d4851a1d" relativeResultsDirectory="b6f3a1b6-36b2-460f-97c5-02636c31a8b3" dataRowInfo="0" resultType="DataDrivenDataRow" />
        <UnitTestResult executionId="5b5d07d7-19c2-43b9-b58e-84cb14c850b1" parentExecutionId="b6f3a1b6-36b2-460f-97c5-02636c31a8b3" testId="0da5fd95-0298-6ff8-9b99-343aac0d8bc6" testName="AddNumTest" computerName="USER-20160608LK" duration="00:00:00.0000325" startTime="2017-06-22T10:35:18.2034709+08:00" endTime="2017-06-22T10:35:18.2034709+08:00" testType="13cdc9d9-ddb5-4fa4-a97d-d965ccfc6d4b" outcome="Passed" testListId="8c84fa94-04c1-424b-9868-57a2d4851a1d" relativeResultsDirectory="b6f3a1b6-36b2-460f-97c5-02636c31a8b3" dataRowInfo="1" resultType="DataDrivenDataRow" />
        <UnitTestResult executionId="7bb47283-14d9-4441-8622-49e9a63ee96d" parentExecutionId="b6f3a1b6-36b2-460f-97c5-02636c31a8b3" testId="0da5fd95-0298-6ff8-9b99-343aac0d8bc6" testName="AddNumTest" computerName="USER-20160608LK" duration="00:00:00.0000068" startTime="2017-06-22T10:35:18.2034709+08:00" endTime="2017-06-22T10:35:18.2034709+08:00" testType="13cdc9d9-ddb5-4fa4-a97d-d965ccfc6d4b" outcome="Passed" testListId="8c84fa94-04c1-424b-9868-57a2d4851a1d" relativeResultsDirectory="b6f3a1b6-36b2-460f-97c5-02636c31a8b3" dataRowInfo="2" resultType="DataDrivenDataRow" />
        <UnitTestResult executionId="a6c67b8b-2b8f-4c11-991f-a95be3276731" parentExecutionId="b6f3a1b6-36b2-460f-97c5-02636c31a8b3" testId="0da5fd95-0298-6ff8-9b99-343aac0d8bc6" testName="AddNumTest" computerName="USER-20160608LK" duration="00:00:00.0000055" startTime="2017-06-22T10:35:18.2034709+08:00" endTime="2017-06-22T10:35:18.2034709+08:00" testType="13cdc9d9-ddb5-4fa4-a97d-d965ccfc6d4b" outcome="Passed" testListId="8c84fa94-04c1-424b-9868-57a2d4851a1d" relativeResultsDirectory="b6f3a1b6-36b2-460f-97c5-02636c31a8b3" dataRowInfo="3" resultType="DataDrivenDataRow" />
        <UnitTestResult executionId="d8132221-ed2d-4a59-8858-4e548c589df4" parentExecutionId="b6f3a1b6-36b2-460f-97c5-02636c31a8b3" testId="0da5fd95-0298-6ff8-9b99-343aac0d8bc6" testName="AddNumTest" computerName="USER-20160608LK" duration="00:00:00.0000076" startTime="2017-06-22T10:35:18.2034709+08:00" endTime="2017-06-22T10:35:18.2034709+08:00" testType="13cdc9d9-ddb5-4fa4-a97d-d965ccfc6d4b" outcome="Passed" testListId="8c84fa94-04c1-424b-9868-57a2d4851a1d" relativeResultsDirectory="b6f3a1b6-36b2-460f-97c5-02636c31a8b3" dataRowInfo="4" resultType="DataDrivenDataRow" />
      </InnerResults>
    </UnitTestResult>
  </Results>
</TestRun>